// Jest Snapshot v1, https://goo.gl/fbAQLP

exports[`serve simple: /mock/uu/vv__get 1`] = `
Object {
  "status": 200,
  "text": "{\\"code\\":200,\\"message\\":\\"Got it!\\"}",
}
`;
